<?php return array (
  0 => 'Symfony\\Bundle\\FrameworkBundle\\Controller\\AbstractController',
  1 => 'App\\Controller\\AccountController',
  2 => 'App\\Controller\\Account\\ResetPasswordController',
  3 => 'App\\Controller\\AddressController',
  4 => 'App\\Controller\\AdminController',
  5 => 'App\\Controller\\Admin\\AddressCrudController',
  6 => 'App\\Controller\\Admin\\CategoriesCrudController',
  7 => 'App\\Controller\\Admin\\CategoryCrudController',
  8 => 'App\\Controller\\Admin\\ColorCrudController',
  9 => 'App\\Controller\\Admin\\CommentsCrudController',
  10 => 'App\\Controller\\Admin\\ContactCrudController',
  11 => 'App\\Controller\\Admin\\DashboardController',
  12 => 'App\\Controller\\Admin\\GenderCrudController',
  13 => 'App\\Controller\\Admin\\NewslettersCrudController',
  14 => 'App\\Controller\\Admin\\OrderCrudController',
  15 => 'App\\Controller\\Admin\\OrderDetailCrudController',
  16 => 'App\\Controller\\Admin\\PaymentCrudController',
  17 => 'App\\Controller\\Admin\\ProductCrudController',
  18 => 'App\\Controller\\Admin\\SiteInformationCrudController',
  19 => 'App\\Controller\\Admin\\SliderCrudController',
  20 => 'App\\Controller\\Admin\\TransporterCrudController',
  21 => 'App\\Controller\\Admin\\UserCrudController',
  22 => 'App\\Controller\\Admin\\UsersCrudController',
  23 => 'App\\Controller\\Api\\ApiOrderController',
  24 => 'App\\Controller\\Api\\ApiStripeController',
  25 => 'App\\Controller\\CartController',
  26 => 'App\\Controller\\CategoryController',
  27 => 'App\\Controller\\CheckoutController',
  28 => 'App\\Controller\\ContactController',
  29 => 'App\\Controller\\DeliveryAddressController',
  30 => 'App\\Controller\\HomeController',
  31 => 'App\\Controller\\NewslettersController',
  32 => 'App\\Controller\\PaymentController',
  33 => 'App\\Controller\\RegistrationController',
  34 => 'App\\Controller\\SearchController',
  35 => 'App\\Controller\\SecurityController',
  36 => 'App\\Controller\\SendEmailController',
  37 => 'App\\Controller\\ShopController',
  38 => 'App\\Controller\\UserController',
  39 => 'App\\Entity\\Address',
  40 => 'App\\Entity\\Category',
  41 => 'App\\Entity\\Color',
  42 => 'App\\Entity\\Comments',
  43 => 'App\\Entity\\Contact',
  44 => 'App\\Entity\\Gender',
  45 => 'App\\Entity\\Newsletters\\Categories',
  46 => 'App\\Entity\\Newsletters\\Newsletters',
  47 => 'App\\Entity\\Newsletters\\Users',
  48 => 'App\\Entity\\Order',
  49 => 'App\\Entity\\OrderDetail',
  50 => 'App\\Entity\\Payment',
  51 => 'App\\Entity\\Product',
  52 => 'App\\Entity\\ResetPasswordRequest',
  53 => 'App\\Entity\\SearchProduct',
  54 => 'App\\Entity\\SiteInformation',
  55 => 'App\\Entity\\Slider',
  56 => 'App\\Entity\\Transporter',
  57 => 'App\\Entity\\User',
  58 => 'Doctrine\\Bundle\\DoctrineBundle\\Controller\\ProfilerController',
  59 => 'Doctrine\\ORM\\Cache\\Persister\\Entity\\AbstractEntityPersister',
  60 => 'Doctrine\\ORM\\Cache\\Persister\\Entity\\CachedEntityPersister',
  61 => 'Doctrine\\ORM\\Cache\\Persister\\Entity\\NonStrictReadWriteCachedEntityPersister',
  62 => 'Doctrine\\ORM\\Cache\\Persister\\Entity\\ReadOnlyCachedEntityPersister',
  63 => 'Doctrine\\ORM\\Cache\\Persister\\Entity\\ReadWriteCachedEntityPersister',
  64 => 'Doctrine\\ORM\\Persisters\\Entity\\AbstractEntityInheritancePersister',
  65 => 'Doctrine\\ORM\\Persisters\\Entity\\BasicEntityPersister',
  66 => 'Doctrine\\ORM\\Persisters\\Entity\\CachedPersisterContext',
  67 => 'Doctrine\\ORM\\Persisters\\Entity\\EntityPersister',
  68 => 'Doctrine\\ORM\\Persisters\\Entity\\JoinedSubclassPersister',
  69 => 'Doctrine\\ORM\\Persisters\\Entity\\SingleTablePersister',
  70 => 'EasyCorp\\Bundle\\EasyAdminBundle\\Contracts\\Controller\\CrudControllerInterface',
  71 => 'EasyCorp\\Bundle\\EasyAdminBundle\\Contracts\\Controller\\DashboardControllerInterface',
  72 => 'EasyCorp\\Bundle\\EasyAdminBundle\\Controller\\AbstractCrudController',
  73 => 'EasyCorp\\Bundle\\EasyAdminBundle\\Controller\\AbstractDashboardController',
  74 => 'Scheb\\TwoFactorBundle\\Controller\\FormController',
  75 => 'SymfonyCasts\\Bundle\\ResetPassword\\Controller\\ResetPasswordControllerTrait',
  77 => 'Symfony\\Bundle\\FrameworkBundle\\Controller\\ControllerResolver',
  78 => 'Symfony\\Bundle\\FrameworkBundle\\Controller\\RedirectController',
  79 => 'Symfony\\Bundle\\FrameworkBundle\\Controller\\TemplateController',
  80 => 'Symfony\\Bundle\\WebProfilerBundle\\Controller\\ExceptionPanelController',
  81 => 'Symfony\\Bundle\\WebProfilerBundle\\Controller\\ProfilerController',
  82 => 'Symfony\\Bundle\\WebProfilerBundle\\Controller\\RouterController',
  83 => 'Symfony\\Component\\HttpKernel\\Controller\\ArgumentResolver',
  84 => 'Symfony\\Component\\HttpKernel\\Controller\\ArgumentResolverInterface',
  85 => 'Symfony\\Component\\HttpKernel\\Controller\\ArgumentResolver\\BackedEnumValueResolver',
  86 => 'Symfony\\Component\\HttpKernel\\Controller\\ArgumentResolver\\DateTimeValueResolver',
  87 => 'Symfony\\Component\\HttpKernel\\Controller\\ArgumentResolver\\DefaultValueResolver',
  88 => 'Symfony\\Component\\HttpKernel\\Controller\\ArgumentResolver\\NotTaggedControllerValueResolver',
  89 => 'Symfony\\Component\\HttpKernel\\Controller\\ArgumentResolver\\RequestAttributeValueResolver',
  90 => 'Symfony\\Component\\HttpKernel\\Controller\\ArgumentResolver\\RequestValueResolver',
  91 => 'Symfony\\Component\\HttpKernel\\Controller\\ArgumentResolver\\ServiceValueResolver',
  92 => 'Symfony\\Component\\HttpKernel\\Controller\\ArgumentResolver\\SessionValueResolver',
  93 => 'Symfony\\Component\\HttpKernel\\Controller\\ArgumentResolver\\TraceableValueResolver',
  94 => 'Symfony\\Component\\HttpKernel\\Controller\\ArgumentResolver\\UidValueResolver',
  95 => 'Symfony\\Component\\HttpKernel\\Controller\\ArgumentResolver\\VariadicValueResolver',
  96 => 'Symfony\\Component\\HttpKernel\\Controller\\ArgumentValueResolverInterface',
  97 => 'Symfony\\Component\\HttpKernel\\Controller\\ContainerControllerResolver',
  98 => 'Symfony\\Component\\HttpKernel\\Controller\\ControllerReference',
  99 => 'Symfony\\Component\\HttpKernel\\Controller\\ControllerResolver',
  100 => 'Symfony\\Component\\HttpKernel\\Controller\\ControllerResolverInterface',
  101 => 'Symfony\\Component\\HttpKernel\\Controller\\ErrorController',
  102 => 'Symfony\\Component\\HttpKernel\\Controller\\TraceableArgumentResolver',
  103 => 'Symfony\\Component\\HttpKernel\\Controller\\TraceableControllerResolver',
  104 => 'Symfony\\Component\\Security\\Http\\Controller\\UserValueResolver',
);